; - - - - - - - - - - - - - - - - - - - - - - - - - - - - - ;
;                        AoA Analysis                       ;
; - - - - - - - - - - - - - - - - - - - - - - - - - - - - - ;
; Parameters:
; - - - - - - - - - - - - - - - - - - - - - - - - - - - - - ;
; alpha_min: -5.0
; alpha_max: 15.0
; increments: 5

; Total no. of simulations: 12
; - - - - - - - - - - - - - - - - - - - - - - - - - - - - - ;
;                    Beginning Analysis...                  ;
; - - - - - - - - - - - - - - - - - - - - - - - - - - - - - ;


; - - - - - - - - - - - - - - - - - - - - - - - - - - - - - ;
;     Analysing object `TEG2618_basis`                 ;
; - - - - - - - - - - - - - - - - - - - - - - - - - - - - - ;
; Reading in mesh from mesh/TEG2618_basis.cas
/file/replace-mesh mesh/TEG2618_basis.cas o

; Setting the velocity components for angle -5.0 deg to [ux: 36.88802157765901, uy: 3.2272837079448333]
/define/bound/set/velocity/inlet () dir-0 no 36.88802157765901 no dir-1 3.2272837079448333 ke-spec no yes turb-len 0.003417525488901796 turb-int 0.35

; Setting the output folder name for angle -5.0 deg to "post/{'L': 0.35, 'mesh': 'mesh/TEG2618_basis.cas'}"
; Set file for output of DRAG
/solve/report-files/edit/drag/file post/TEG2618_basis/alpha_-5.0_drag.out ()
; Set file for output of LIFT
/solve/report-files/edit/lift/file post/TEG2618_basis/alpha_-5.0_lift.out ()

; Setting the velocity components for angle -1.0 deg to [ux: 36.88802157765901, uy: 3.2272837079448333]
/define/bound/set/velocity/inlet () dir-0 no 36.88802157765901 no dir-1 3.2272837079448333 ke-spec no yes turb-len 0.003417525488901796 turb-int 0.35

; Setting the output folder name for angle -1.0 deg to "post/{'L': 0.35, 'mesh': 'mesh/TEG2618_basis.cas'}"
; Set file for output of DRAG
/solve/report-files/edit/drag/file post/TEG2618_basis/alpha_-1.0_drag.out ()
; Set file for output of LIFT
/solve/report-files/edit/lift/file post/TEG2618_basis/alpha_-1.0_lift.out ()

; Setting the velocity components for angle 3.0 deg to [ux: 36.88802157765901, uy: 3.2272837079448333]
/define/bound/set/velocity/inlet () dir-0 no 36.88802157765901 no dir-1 3.2272837079448333 ke-spec no yes turb-len 0.003417525488901796 turb-int 0.35

; Setting the output folder name for angle 3.0 deg to "post/{'L': 0.35, 'mesh': 'mesh/TEG2618_basis.cas'}"
; Set file for output of DRAG
/solve/report-files/edit/drag/file post/TEG2618_basis/alpha_3.0_drag.out ()
; Set file for output of LIFT
/solve/report-files/edit/lift/file post/TEG2618_basis/alpha_3.0_lift.out ()

; Setting the velocity components for angle 7.0 deg to [ux: 36.88802157765901, uy: 3.2272837079448333]
/define/bound/set/velocity/inlet () dir-0 no 36.88802157765901 no dir-1 3.2272837079448333 ke-spec no yes turb-len 0.003417525488901796 turb-int 0.35

; Setting the output folder name for angle 7.0 deg to "post/{'L': 0.35, 'mesh': 'mesh/TEG2618_basis.cas'}"
; Set file for output of DRAG
/solve/report-files/edit/drag/file post/TEG2618_basis/alpha_7.0_drag.out ()
; Set file for output of LIFT
/solve/report-files/edit/lift/file post/TEG2618_basis/alpha_7.0_lift.out ()

; Setting the velocity components for angle 11.0 deg to [ux: 36.88802157765901, uy: 3.2272837079448333]
/define/bound/set/velocity/inlet () dir-0 no 36.88802157765901 no dir-1 3.2272837079448333 ke-spec no yes turb-len 0.003417525488901796 turb-int 0.35

; Setting the output folder name for angle 11.0 deg to "post/{'L': 0.35, 'mesh': 'mesh/TEG2618_basis.cas'}"
; Set file for output of DRAG
/solve/report-files/edit/drag/file post/TEG2618_basis/alpha_11.0_drag.out ()
; Set file for output of LIFT
/solve/report-files/edit/lift/file post/TEG2618_basis/alpha_11.0_lift.out ()

; Setting the velocity components for angle 15.0 deg to [ux: 36.88802157765901, uy: 3.2272837079448333]
/define/bound/set/velocity/inlet () dir-0 no 36.88802157765901 no dir-1 3.2272837079448333 ke-spec no yes turb-len 0.003417525488901796 turb-int 0.35

; Setting the output folder name for angle 15.0 deg to "post/{'L': 0.35, 'mesh': 'mesh/TEG2618_basis.cas'}"
; Set file for output of DRAG
/solve/report-files/edit/drag/file post/TEG2618_basis/alpha_15.0_drag.out ()
; Set file for output of LIFT
/solve/report-files/edit/lift/file post/TEG2618_basis/alpha_15.0_lift.out ()

; - - - - - - - - - - - - - - - - - - - - - - - - - - - - - ;
;     Analysing object `Var1`                 ;
; - - - - - - - - - - - - - - - - - - - - - - - - - - - - - ;
; Reading in mesh from mesh/Var1.cas
/file/replace-mesh mesh/Var1.cas o

; Setting the velocity components for angle -5.0 deg to [ux: 36.36847197797368, uy: 3.1818290078329343]
/define/bound/set/velocity/inlet () dir-0 no 36.36847197797368 no dir-1 3.1818290078329343 ke-spec no yes turb-len 0.0034663472816003926 turb-int 0.35

; Setting the output folder name for angle -5.0 deg to "post/{'L': 0.355, 'mesh': 'mesh/Var1.cas'}"
; Set file for output of DRAG
/solve/report-files/edit/drag/file post/Var1/alpha_-5.0_drag.out ()
; Set file for output of LIFT
/solve/report-files/edit/lift/file post/Var1/alpha_-5.0_lift.out ()

; Setting the velocity components for angle -1.0 deg to [ux: 36.36847197797368, uy: 3.1818290078329343]
/define/bound/set/velocity/inlet () dir-0 no 36.36847197797368 no dir-1 3.1818290078329343 ke-spec no yes turb-len 0.0034663472816003926 turb-int 0.35

; Setting the output folder name for angle -1.0 deg to "post/{'L': 0.355, 'mesh': 'mesh/Var1.cas'}"
; Set file for output of DRAG
/solve/report-files/edit/drag/file post/Var1/alpha_-1.0_drag.out ()
; Set file for output of LIFT
/solve/report-files/edit/lift/file post/Var1/alpha_-1.0_lift.out ()

; Setting the velocity components for angle 3.0 deg to [ux: 36.36847197797368, uy: 3.1818290078329343]
/define/bound/set/velocity/inlet () dir-0 no 36.36847197797368 no dir-1 3.1818290078329343 ke-spec no yes turb-len 0.0034663472816003926 turb-int 0.35

; Setting the output folder name for angle 3.0 deg to "post/{'L': 0.355, 'mesh': 'mesh/Var1.cas'}"
; Set file for output of DRAG
/solve/report-files/edit/drag/file post/Var1/alpha_3.0_drag.out ()
; Set file for output of LIFT
/solve/report-files/edit/lift/file post/Var1/alpha_3.0_lift.out ()

; Setting the velocity components for angle 7.0 deg to [ux: 36.36847197797368, uy: 3.1818290078329343]
/define/bound/set/velocity/inlet () dir-0 no 36.36847197797368 no dir-1 3.1818290078329343 ke-spec no yes turb-len 0.0034663472816003926 turb-int 0.35

; Setting the output folder name for angle 7.0 deg to "post/{'L': 0.355, 'mesh': 'mesh/Var1.cas'}"
; Set file for output of DRAG
/solve/report-files/edit/drag/file post/Var1/alpha_7.0_drag.out ()
; Set file for output of LIFT
/solve/report-files/edit/lift/file post/Var1/alpha_7.0_lift.out ()

; Setting the velocity components for angle 11.0 deg to [ux: 36.36847197797368, uy: 3.1818290078329343]
/define/bound/set/velocity/inlet () dir-0 no 36.36847197797368 no dir-1 3.1818290078329343 ke-spec no yes turb-len 0.0034663472816003926 turb-int 0.35

; Setting the output folder name for angle 11.0 deg to "post/{'L': 0.355, 'mesh': 'mesh/Var1.cas'}"
; Set file for output of DRAG
/solve/report-files/edit/drag/file post/Var1/alpha_11.0_drag.out ()
; Set file for output of LIFT
/solve/report-files/edit/lift/file post/Var1/alpha_11.0_lift.out ()

; Setting the velocity components for angle 15.0 deg to [ux: 36.36847197797368, uy: 3.1818290078329343]
/define/bound/set/velocity/inlet () dir-0 no 36.36847197797368 no dir-1 3.1818290078329343 ke-spec no yes turb-len 0.0034663472816003926 turb-int 0.35

; Setting the output folder name for angle 15.0 deg to "post/{'L': 0.355, 'mesh': 'mesh/Var1.cas'}"
; Set file for output of DRAG
/solve/report-files/edit/drag/file post/Var1/alpha_15.0_drag.out ()
; Set file for output of LIFT
/solve/report-files/edit/lift/file post/Var1/alpha_15.0_lift.out ()
